// Vitest Snapshot v1, https://vitest.dev/guide/snapshot.html

exports[`fixture: 1_default.tsx 1`] = `
"import { useState } from 'react';
import { useJitterScope } from "react-jitter/runtime";
export default function UserForm() {
    const h = useJitterScope({
        name: "UserForm",
        id: "469edadf",
        file: "1_default.tsx",
        line: 3,
        offset: 15
    });
    const [count, setCount] = useState(0);
    const nameFieldValues = (h.s("ec1d3339"), h.e(useFieldValues('name'), {
        id: "ec1d3339",
        file: "1_default.tsx",
        hook: "useFieldValues",
        line: 5,
        offset: 26,
        isMocked: typeof useFieldValues === "function" && ("mockImplementation" in useFieldValues || "mockReturnValue" in useFieldValues),
        arguments: [
            "'name'"
        ]
    }));
    const addressFieldValues = (h.s("c812ff93"), h.e(useFieldValues('city', 'state'), {
        id: "c812ff93",
        file: "1_default.tsx",
        hook: "useFieldValues",
        line: 6,
        offset: 29,
        isMocked: typeof useFieldValues === "function" && ("mockImplementation" in useFieldValues || "mockReturnValue" in useFieldValues),
        arguments: [
            "'city'",
            "'state'"
        ]
    }));
    return /*#__PURE__*/ h.re(React.createElement("div", null));
}"
`;

exports[`fixture: 2_arrow_function.tsx 1`] = `"export const useAddressField = ()=>useFieldValues('address');"`;

exports[`fixture: 3_anonymous_function.tsx 1`] = `
"import { useJitterScope } from "react-jitter/runtime";
export default function() {
    const h = useJitterScope({
        name: "(anonymous)",
        id: "deb1682c",
        file: "3_anonymous_function.tsx",
        line: 1,
        offset: 15
    });
    const fieldValues = (h.s("4bafcb64"), h.e(useFieldValues('name'), {
        id: "4bafcb64",
        file: "3_anonymous_function.tsx",
        hook: "useFieldValues",
        line: 2,
        offset: 22,
        isMocked: typeof useFieldValues === "function" && ("mockImplementation" in useFieldValues || "mockReturnValue" in useFieldValues)
    }));
    return /*#__PURE__*/ h.re(React.createElement("div", null));
}"
`;

exports[`fixture: 4_non_react_function.tsx 1`] = `
"export function notAReactComponent() {
    return 5;
}"
`;

exports[`fixture: 5_jsx_function.tsx 1`] = `
"export const Component = ()=>{
    return /*#__PURE__*/ React.createElement("div", null, "Hello");
};"
`;

exports[`fixture: 6_create_element.tsx 1`] = `
"import React from 'react';
import { createElement } from 'react';
export function MyComponent() {
    return /*#__PURE__*/ React.createElement('div', {
        className: 'my-class'
    }, 'Hello');
}
export function AnotherComponent() {
    return /*#__PURE__*/ createElement('div', {
        className: 'my-class'
    }, 'Hello');
}"
`;

exports[`fixture: 7_use_prefix.tsx 1`] = `
"export function selectUser() {
    const hasPermission = userHasPermission();
    return hasPermission;
}"
`;

exports[`fixture: 8_jsx_outside_component.tsx 1`] = `
"function getBannerContent() {
    return /*#__PURE__*/ React.createElement("div", null);
}"
`;

exports[`fixture: 9_nested_function.tsx 1`] = `
"import { useState } from 'react';
import { useJitterScope } from "react-jitter/runtime";
export function NestedFunction() {
    const h = useJitterScope({
        name: "NestedFunction",
        id: "1b4b5c19",
        file: "9_nested_function.tsx",
        line: 3,
        offset: 7
    });
    const [count, setCount] = useState(0);
    function handleClick() {
        setCount(count + 1);
    }
    return h.re(/*#__PURE__*/ React.createElement("button", {
        type: "button",
        onClick: handleClick
    }, "Click me"));
}"
`;
