// Vitest Snapshot v1, https://vitest.dev/guide/snapshot.html

exports[`fixture: 1_default.tsx 1`] = `
"import { useState } from "react";
import { useJitterScope } from "react-jitter";
export default function UserForm() {
    const h = useJitterScope({
        name: "UserForm",
        id: "b492276b",
        file: "$DIR/1_default.tsx",
        line: 3,
        offset: 0
    });
    const [count, setCount] = (h.s("2aeb03d6"), h.e(useState(0), {
        id: "2aeb03d6",
        hook: "useState",
        line: 4,
        offset: 28
    }));
    const nameFieldValues = (h.s("0eef1433"), h.e(useFieldValues("name"), {
        id: "0eef1433",
        hook: "useFieldValues",
        line: 5,
        offset: 26
    }));
    const addressFieldValues = (h.s("9a686f37"), h.e(useFieldValues("address"), {
        id: "9a686f37",
        hook: "useFieldValues",
        line: 6,
        offset: 29
    }));
    return /*#__PURE__*/ React.createElement("div", null);
}"
`;

exports[`fixture: 2_arrow_function.tsx 1`] = `
"import { useJitterScope } from "react-jitter";
export const useAddressField = ()=>{
    const h = useJitterScope({
        name: "useAddressField",
        id: "27dbacf3",
        file: "useAddressField.tsx",
        line: 1,
        offset: 31
    });
    return h.s("41f1f9ce"), h.e(useFieldValues("address"), {
        id: "41f1f9ce",
        hook: "useFieldValues",
        line: 1,
        offset: 37
    });
};"
`;

exports[`fixture: 3_anonymous_function.tsx 1`] = `
"import { useJitterScope } from "react-jitter";
export default function() {
    const h = useJitterScope({
        name: "(anonymous)",
        id: "95297035",
        file: "$DIR/3_anonymous_function.tsx",
        line: 1,
        offset: 0
    });
    const fieldValues = (h.s("9f49aae6"), h.e(useFieldValues("name"), {
        id: "9f49aae6",
        hook: "useFieldValues",
        line: 2,
        offset: 22
    }));
    return /*#__PURE__*/ React.createElement("div", null);
}"
`;

exports[`fixture: 4_non_react_function.tsx 1`] = `
"import { useJitterScope } from "react-jitter";
export function notAReactComponent() {
    return 5;
}"
`;
